Archive member included to satisfy reference by file (symbol)

.pio\build\swervolf_nexys\libBoardBSP.a(startup.o)
                              (_start)
c:/users/miles/.platformio/packages/toolchain-riscv/bin/../lib/gcc/riscv64-unknown-elf/8.3.0/../../../../riscv64-unknown-elf/lib/rv32imac/ilp32\libc.a(lib_a-init.o)
                              .pio\build\swervolf_nexys\libBoardBSP.a(startup.o) (__libc_init_array)

Discarded input sections

 .data          0x0000000000000000        0x0 .pio\build\swervolf_nexys\src\Blinky.o
 .bss           0x0000000000000000        0x0 .pio\build\swervolf_nexys\src\Blinky.o
 .text          0x0000000000000000        0x0 .pio\build\swervolf_nexys\libBoardBSP.a(startup.o)
 .data          0x0000000000000000        0x0 .pio\build\swervolf_nexys\libBoardBSP.a(startup.o)
 .bss           0x0000000000000000        0x0 .pio\build\swervolf_nexys\libBoardBSP.a(startup.o)
 .data          0x0000000000000000        0x0 c:/users/miles/.platformio/packages/toolchain-riscv/bin/../lib/gcc/riscv64-unknown-elf/8.3.0/../../../../riscv64-unknown-elf/lib/rv32imac/ilp32\libc.a(lib_a-init.o)
 .bss           0x0000000000000000        0x0 c:/users/miles/.platformio/packages/toolchain-riscv/bin/../lib/gcc/riscv64-unknown-elf/8.3.0/../../../../riscv64-unknown-elf/lib/rv32imac/ilp32\libc.a(lib_a-init.o)

Memory Configuration

Name             Origin             Length             Attributes
ram              0x0000000000000000 0x0000000004000000 axw !rl
ram2             0x0000000004000000 0x0000000004000000 axw !rl
dccm             0x00000000f0040000 0x0000000000010000 axw !rl
ovl              0x00000000e0000000 0x0000000000002000
*default*        0x0000000000000000 0xffffffffffffffff

Linker script and memory map

                0x0000000000000000                __comrv_cache_size = 0x0
LOAD .pio\build\swervolf_nexys\src\Blinky.o
START GROUP
LOAD .pio\build\swervolf_nexys\libBoardBSP.a
LOAD .pio\build\swervolf_nexys\libPSP.a
LOAD c:/users/miles/.platformio/packages/toolchain-riscv/bin/../lib/gcc/riscv64-unknown-elf/8.3.0/../../../../riscv64-unknown-elf/lib/rv32imac/ilp32\libc.a
LOAD c:/users/miles/.platformio/packages/toolchain-riscv/bin/../lib/gcc/riscv64-unknown-elf/8.3.0/rv32imac/ilp32\libgcc.a
END GROUP
                0x0000000000001000                __stack_size = DEFINED (__stack_size)?__stack_size:0x1000
                0x0000000000000000                __comrv_align_size = (__comrv_cache_size != 0x0)?__comrv_cache_alignment_size:0x0

.text.init      0x0000000000000000       0x90
 *(.text.init)
 .text.init     0x0000000000000000       0x8a .pio\build\swervolf_nexys\libBoardBSP.a(startup.o)
                0x0000000000000000                _start
                0x0000000000000090                . = ALIGN (0x8)
 *fill*         0x000000000000008a        0x6 

.text           0x0000000000000090       0xa0
 *(.text.unlikely .text.unlikely.*)
 *(.text.startup .text.startup.*)
 *(.text .text.*)
 .text          0x0000000000000090       0x36 .pio\build\swervolf_nexys\src\Blinky.o
                0x0000000000000090                main
 .text          0x00000000000000c6       0x6a c:/users/miles/.platformio/packages/toolchain-riscv/bin/../lib/gcc/riscv64-unknown-elf/8.3.0/../../../../riscv64-unknown-elf/lib/rv32imac/ilp32\libc.a(lib_a-init.o)
                0x00000000000000c6                __libc_init_array
 *(COMRV_TEXT_SEC)
 *(COMRV_TEXT_ASM)
 *(.gnu.linkonce.t.*)
                0x0000000000000130                . = ALIGN (0x4)

.rela.dyn       0x0000000000000130        0x0
 .rela.text.init
                0x0000000000000130        0x0 .pio\build\swervolf_nexys\src\Blinky.o
 .rela.text     0x0000000000000130        0x0 .pio\build\swervolf_nexys\src\Blinky.o

.rodata         0x0000000000000130        0x0
 *(.rdata)
 *(.rodata .rodata.*)
 *(.gnu.linkonce.r.*)
 *(COMRV_RODATA_SEC)
                0x0000000000000130                . = ALIGN (0x4)

.reserved_ovl   0x0000000000000130     0x2000
                0x0000000000000130                _OVERLAY_STORAGE_START_ADDRESS_ = .
                0x0000000000002000                . = 0x2000
 *fill*         0x0000000000000130     0x2000 

.lalign         0x0000000000002130        0x0
                0x0000000000002130                . = ALIGN (0x4)
                [!provide]                        PROVIDE (_data_lma = .)

.dalign         0x0000000000002130        0x0
                0x0000000000002130                . = ALIGN (0x4)
                [!provide]                        PROVIDE (_data = .)

.data           0x0000000000002130       0x10
 *(.data .data.*)
 *(.gnu.linkonce.d.*)
                0x000000000000213a                . = (. + 0xa)
 *fill*         0x0000000000002130        0xa 
                0x0000000000002140                . = ALIGN (0x8)
 *fill*         0x000000000000213a        0x6 

SW_INT          0x0000000004000000        0x4
                0x0000000004000000                _sw_int_mem_ctrl = .
                0x0000000000000004                . = 0x4
 *fill*         0x0000000004000000        0x4 

COMRV_DATA_SEC

PSP_DATA_SEC

.sdata          0x0000000000002140        0x0
                0x0000000000002140                . = ALIGN (0x8)
                0x0000000000002940                __global_pointer$ = (. + 0x800)
 *(.sdata .sdata.*)
 *(.gnu.linkonce.s.*)
                0x0000000000002140                . = ALIGN (0x8)
 *(.srodata .srodata.*)
                0x0000000000002140                . = ALIGN (0x8)
                0x0000000000002140                . = ALIGN (0x4)
                [!provide]                        PROVIDE (_edata = .)
                [!provide]                        PROVIDE (edata = .)
                [!provide]                        PROVIDE (_fbss = .)
                0x0000000000002140                PROVIDE (__bss_start = .)

.bss            0x0000000000002140        0x0
 *(.sbss .sbss.* .gnu.linkonce.sb.*)
 *(.scommon)
 *(.bss)
                0x0000000000002140                . = ALIGN (0x8)
                0x0000000000002140                _end = .

.stack          0x0000000000002140     0x1000
                0x0000000000002140                _heap_end = .
                0x0000000000003140                . = (. + __stack_size)
 *fill*         0x0000000000002140     0x1000 
                0x0000000000003140                _sp = .

.overlay_sec    0x0000000000003140        0x0
                0x0000000000003140                __OVERLAY_CACHE_START__ = .
                0x0000000000000000                . = __comrv_cache_size
                0x0000000000003140                __OVERLAY_CACHE_END__ = .

.ovlgrps        0x00000000e0000000        0x0
                0x00000000e0000000                OVERLAY_START_OF_OVERLAYS = .
 *(.ovlinput.*)
                0x00000000e0000000                OVERLAY_END_OF_OVERLAYS = .
OUTPUT(.pio\build\swervolf_nexys\firmware.elf elf32-littleriscv)

.riscv.attributes
                0x0000000000000000       0x2b
 .riscv.attributes
                0x0000000000000000       0x29 .pio\build\swervolf_nexys\src\Blinky.o
 .riscv.attributes
                0x0000000000000029       0x29 .pio\build\swervolf_nexys\libBoardBSP.a(startup.o)
 .riscv.attributes
                0x0000000000000052       0x2b c:/users/miles/.platformio/packages/toolchain-riscv/bin/../lib/gcc/riscv64-unknown-elf/8.3.0/../../../../riscv64-unknown-elf/lib/rv32imac/ilp32\libc.a(lib_a-init.o)

.comment        0x0000000000000000       0x28
 .comment       0x0000000000000000       0x28 c:/users/miles/.platformio/packages/toolchain-riscv/bin/../lib/gcc/riscv64-unknown-elf/8.3.0/../../../../riscv64-unknown-elf/lib/rv32imac/ilp32\libc.a(lib_a-init.o)
                                         0x29 (size before relaxing)

.debug_line     0x0000000000000000      0x21f
 .debug_line    0x0000000000000000       0x7d .pio\build\swervolf_nexys\src\Blinky.o
 .debug_line    0x000000000000007d      0x1a2 .pio\build\swervolf_nexys\libBoardBSP.a(startup.o)

.debug_info     0x0000000000000000       0x4c
 .debug_info    0x0000000000000000       0x26 .pio\build\swervolf_nexys\src\Blinky.o
 .debug_info    0x0000000000000026       0x26 .pio\build\swervolf_nexys\libBoardBSP.a(startup.o)

.debug_abbrev   0x0000000000000000       0x28
 .debug_abbrev  0x0000000000000000       0x14 .pio\build\swervolf_nexys\src\Blinky.o
 .debug_abbrev  0x0000000000000014       0x14 .pio\build\swervolf_nexys\libBoardBSP.a(startup.o)

.debug_aranges  0x0000000000000000       0x40
 .debug_aranges
                0x0000000000000000       0x20 .pio\build\swervolf_nexys\src\Blinky.o
 .debug_aranges
                0x0000000000000020       0x20 .pio\build\swervolf_nexys\libBoardBSP.a(startup.o)

.debug_str      0x0000000000000000       0xb6
 .debug_str     0x0000000000000000       0x5e .pio\build\swervolf_nexys\src\Blinky.o
 .debug_str     0x000000000000005e       0x58 .pio\build\swervolf_nexys\libBoardBSP.a(startup.o)
                                         0xa9 (size before relaxing)
